// Jest Snapshot v1, https://goo.gl/fbAQLP

exports[`<Cell /> should match the snapshot 1`] = `
<div
  className=""
  onClick={[Function]}
>
  <div
    className=""
  />
</div>
`;
